// Jest Snapshot v1, https://goo.gl/fbAQLP

exports[`AddProperty renders correctly 1`] = `
<DocumentFragment>
  <div
    class="add-property"
  >
    <form
      class="add-form"
    >
      <label>
        Title:
        <input
          id="title"
          name="title"
          placeholder="Title"
          required=""
          value=""
        />
      </label>
      <label>
        Type:
        <select
          class="select-css"
          id="type"
          name="type"
        >
          <option>
            Flat
          </option>
          <option>
            Detached
          </option>
          <option>
            Semi-Detached
          </option>
          <option>
            Terraced
          </option>
          <option>
            End of Terrace
          </option>
          <option>
            Cottage
          </option>
          <option>
            Bungalow
          </option>
        </select>
      </label>
      <label>
        Bedrooms:
        <input
          id="bedrooms"
          name="bedrooms"
          placeholder="Bedrooms number"
          required=""
          value="0"
        />
      </label>
      <label>
        Bathrooms:
        <input
          id="bathrooms"
          name="bathrooms"
          placeholder="Bathrooms number"
          required=""
          value="0"
        />
      </label>
      <label>
        Price: Â£
        <input
          id="price"
          name="price"
          placeholder="Price"
          type="number"
          value="0"
        />
      </label>
      <label>
        City
        <select
          class="select-css"
          id="city"
          name="city"
        >
          <option>
            Manchester
          </option>
          <option>
            Leeds
          </option>
          <option>
            Sheffield
          </option>
          <option>
            Liverpool
          </option>
        </select>
      </label>
      <label>
        Email:
        <input
          id="email"
          name="email"
          placeholder="example@hotmail.com"
          required=""
          type="email"
          value=""
        />
      </label>
      <button
        class="add-button"
        type="submit"
      >
        Add
      </button>
    </form>
  </div>
</DocumentFragment>
`;
