// Jest Snapshot v1, https://goo.gl/fbAQLP

exports[`Alert it renders 1`] = `
<DocumentFragment>
  <div
    class="alert fail"
  >
    Error!
  </div>
</DocumentFragment>
`;
